python : 2026-02-28 23:42:59.415 WARNING 
streamlit.runtime.caching.cache_data_api: No runtime found, using 
MemoryCacheStorageManager
At line:1 char:1
+ python test_cicids3.py > test_output.txt 2>&1 ; powershell -c "Get-Co ...
+ ~~~~~~~~~~~~~~~~~~~~~~~~~~~~~~~~~~~~~~~~~~~~~
    + CategoryInfo          : NotSpecified: (2026-02-28 23:4...eStorageManager 
   :String) [], RemoteException
    + FullyQualifiedErrorId : NativeCommandError
 
2026-02-28 23:42:59.417 WARNING streamlit.runtime.caching.cache_data_api: No 
runtime found, using MemoryCacheStorageManager
2026-02-28 23:42:59.418 WARNING streamlit.runtime.caching.cache_data_api: No 
runtime found, using MemoryCacheStorageManager
2026-02-28 23:42:59.418 WARNING streamlit.runtime.caching.cache_data_api: No 
runtime found, using MemoryCacheStorageManager
2026-02-28 23:42:59.559577: I tensorflow/core/util/port.cc:153] oneDNN custom 
operations are on. You may see slightly different numerical results due to 
floating-point round-off errors from different computation orders. To turn 
them off, set the environment variable `TF_ENABLE_ONEDNN_OPTS=0`.
2026-02-28 23:43:02.011961: I tensorflow/core/util/port.cc:153] oneDNN custom 
operations are on. You may see slightly different numerical results due to 
floating-point round-off errors from different computation orders. To turn 
them off, set the environment variable `TF_ENABLE_ONEDNN_OPTS=0`.
Loading cicids.csv...

X shape: (5000, 78)
Data types:
Destination Port                 int64
Flow Duration                    int64
Total Fwd Packets                int64
Total Backward Packets           int64
Total Length of Fwd Packets      int64
                                ...   
Active Min                       int64
Idle Mean                      float64
Idle Std                       float64
Idle Max                         int64
Idle Min                         int64
Length: 78, dtype: object

Infinite values: 8
NaN values: 0

Columns with infinite values:
  Flow Bytes/s: 4
  Flow Packets/s: 4


Trying preprocessing with updated function...
Success! X shape: (5000, 78), y shape: (5000,)
Features: ['Destination Port', 'Flow Duration', 'Total Fwd Packets', 'Total Backward Packets', 'Total Length of Fwd Packets', 'Total Length of Bwd Packets', 'Fwd Packet Length Max', 'Fwd Packet Length Min', 'Fwd Packet Length Mean', 'Fwd Packet Length Std']
Stats: {'original_total': 5000, 'original_fraud': np.int64(0), 'post_balance_total': 5000, 'post_balance_fraud': np.int64(0)}
